[sc20412_v3_M0p60_a0] running: M=0.6, AoA=-0.751, Re=5475000
[sc20412_v3_M0p60_a0] DONE: CL=0.2355+/-0.0092  CD=0.01225+/-0.00569  rms_rho=-4.271372686
[sc20412_v3_M0p60_a1] running: M=0.6, AoA=0.049, Re=5475000
[sc20412_v3_M0p60_a1] DONE: CL=0.3613+/-0.0166  CD=0.01249+/-0.00201  rms_rho=-4.186649748
[sc20412_v3_M0p60_a2] running: M=0.6, AoA=0.849, Re=5475000
[sc20412_v3_M0p60_a2] DONE: CL=0.4822+/-0.0102  CD=0.01361+/-0.00241  rms_rho=-4.081279869
[sc20412_v3_M0p64_a0] running: M=0.64, AoA=-0.823, Re=5840000
[sc20412_v3_M0p64_a0] DONE: CL=0.2248+/-0.0097  CD=0.01204+/-0.01000  rms_rho=-3.904666054
[sc20412_v3_M0p64_a1] running: M=0.64, AoA=-0.023, Re=5840000
[sc20412_v3_M0p64_a1] DONE: CL=0.3592+/-0.0143  CD=0.01405+/-0.00663  rms_rho=-3.930215096
[sc20412_v3_M0p64_a2] running: M=0.64, AoA=0.777, Re=5840000
[sc20412_v3_M0p64_a2] DONE: CL=0.4840+/-0.0104  CD=0.01317+/-0.00255  rms_rho=-3.81637581
[sc20412_v3_M0p67_a0] running: M=0.67, AoA=-0.882, Re=6113750
[sc20412_v3_M0p67_a0] DONE: CL=0.2158+/-0.0105  CD=0.01195+/-0.00809  rms_rho=-3.814840008
[sc20412_v3_M0p67_a1] running: M=0.67, AoA=-0.082, Re=6113750
[sc20412_v3_M0p67_a1] DONE: CL=0.3570+/-0.0163  CD=0.01255+/-0.00746  rms_rho=-3.854425519
[sc20412_v3_M0p67_a2] running: M=0.67, AoA=0.718, Re=6113750
[sc20412_v3_M0p67_a2] DONE: CL=0.4970+/-0.0171  CD=0.01190+/-0.00602  rms_rho=-3.860682926
[sc20412_v3_M0p70_a0] running: M=0.7, AoA=-0.945, Re=6387500
[sc20412_v3_M0p70_a0] DONE: CL=0.2099+/-0.0129  CD=0.01127+/-0.00354  rms_rho=-3.752248934
[sc20412_v3_M0p70_a1] running: M=0.7, AoA=-0.145, Re=6387500
[sc20412_v3_M0p70_a1] DONE: CL=0.3524+/-0.0137  CD=0.01097+/-0.00527  rms_rho=-3.821977936
[sc20412_v3_M0p70_a2] running: M=0.7, AoA=0.655, Re=6387500
[sc20412_v3_M0p70_a2] DONE: CL=0.5047+/-0.0185  CD=0.01165+/-0.00617  rms_rho=-3.802927222
[sc20412_v3_M0p72_a0] running: M=0.72, AoA=-0.991, Re=6570000
[sc20412_v3_M0p72_a0] DONE: CL=0.2001+/-0.0094  CD=0.01142+/-0.00135  rms_rho=-3.772160151
[sc20412_v3_M0p72_a1] running: M=0.72, AoA=-0.191, Re=6570000
[sc20412_v3_M0p72_a1] DONE: CL=0.3573+/-0.0122  CD=0.01197+/-0.00342  rms_rho=-3.831506501
[sc20412_v3_M0p72_a2] running: M=0.72, AoA=0.609, Re=6570000
[sc20412_v3_M0p72_a2] DONE: CL=0.5081+/-0.0129  CD=0.01129+/-0.00504  rms_rho=-3.850109934
[sc20412_v3_M0p74_a0] running: M=0.74, AoA=-1.039, Re=6752500
[sc20412_v3_M0p74_a0] DONE: CL=0.1955+/-0.0094  CD=0.01161+/-0.00030  rms_rho=-3.870069586
[sc20412_v3_M0p74_a1] running: M=0.74, AoA=-0.239, Re=6752500
[sc20412_v3_M0p74_a1] DONE: CL=0.3568+/-0.0127  CD=0.01245+/-0.00179  rms_rho=-3.938025212
[sc20412_v3_M0p74_a2] running: M=0.74, AoA=0.561, Re=6752500
[sc20412_v3_M0p74_a2] DONE: CL=0.5260+/-0.0107  CD=0.01247+/-0.00313  rms_rho=-3.857421083
[sc20412_v3_M0p77_a0] running: M=0.77, AoA=-1.118, Re=7026250
[sc20412_v3_M0p77_a0] DONE: CL=0.1791+/-0.0089  CD=0.01195+/-0.00004  rms_rho=-4.24280167
[sc20412_v3_M0p77_a1] running: M=0.77, AoA=-0.318, Re=7026250
[sc20412_v3_M0p77_a1] DONE: CL=0.3613+/-0.0114  CD=0.01224+/-0.00059  rms_rho=-4.182270869
[sc20412_v3_M0p77_a2] running: M=0.77, AoA=0.482, Re=7026250
[sc20412_v3_M0p77_a2] DONE: CL=0.5653+/-0.0155  CD=0.01571+/-0.00132  rms_rho=-3.961252442
[sc20412_v3_M0p80_a0] running: M=0.8, AoA=-1.204, Re=7300000
[sc20412_v3_M0p80_a0] DONE: CL=0.1437+/-0.0183  CD=0.01460+/-0.00005  rms_rho=-4.928657352
[sc20412_v3_M0p80_a1] running: M=0.8, AoA=-0.404, Re=7300000
[sc20412_v3_M0p80_a1] DONE: CL=0.3648+/-0.0291  CD=0.01783+/-0.00112  rms_rho=-5.223508018
[sc20412_v3_M0p80_a2] running: M=0.8, AoA=0.396, Re=7300000
[sc20412_v3_M0p80_a2] DONE: CL=0.5444+/-0.0050  CD=0.02787+/-0.00057  rms_rho=-4.644102505

Wrote /home/cyph3r/mses_replacement/mach_sweep_v3/sweep_v3_raw.json (24 runs)
SWEEP_V3_COMPLETE
