 Wing+winglet area (expect 201.76 incl winglet, full span): 201.761 
 VT area (expect 43.20): 43.2001 
 HT area (expect 29.10, full span): 29.0996 
   [input_name]                  [type]       	[#]	[current values-->]
   BaseLen                       double       	1	0.300000 
   ExportRawFlag                 integer      	1	0 
   FACETFileFlag                 integer      	1	0 
   FACETFileName                 string       	1	C:/Users/cyphe/downloads/airplane/openvsp/vspaero_runs/12_su2_v7/stage2_wing_fuselage_tail/stage2_wing_fuselage_tail.facet 
   GMSHFileFlag                  integer      	1	1 
   GMSHFileName                  string       	1	stage2_cfdmesh.msh 
   GenerateHalfMesh              integer      	1	1 
   GrowthRatio                   double       	1	1.250000 
   IntersectSubSurfs             integer      	1	1 
   MaxGap                        double       	1	0.020000 
   MinLen                        double       	1	0.060000 
   ModeID                        string       	1	 
   NCircSeg                      double       	1	24.000000 
   OBJFileFlag                   integer      	1	0 
   OBJFileName                   string       	1	C:/Users/cyphe/downloads/airplane/openvsp/vspaero_runs/12_su2_v7/stage2_wing_fuselage_tail/stage2_wing_fuselage_tail.obj 
   POLYFileFlag                  integer      	1	0 
   POLYFileName                  string       	1	C:/Users/cyphe/downloads/airplane/openvsp/vspaero_runs/12_su2_v7/stage2_wing_fuselage_tail/stage2_wing_fuselage_tail.poly 
   RelCurveTol                   double       	1	0.005000 
   RigorLimit                    integer      	1	0 
   STLFileFlag                   integer      	1	1 
   STLFileName                   string       	1	stage2_cfdmesh.stl 
   SelectedDegenSetIndex         integer      	1	-1 
   SelectedSetIndex              integer      	1	0 
   TRIFileFlag                   integer      	1	0 
   TRIFileName                   string       	1	C:/Users/cyphe/downloads/airplane/openvsp/vspaero_runs/12_su2_v7/stage2_wing_fuselage_tail/stage2_wing_fuselage_tail.tri 
   TaggedMultiSolid              integer      	1	0 
   UseMode                       integer      	1	0 
   XYZIntCurveFlag               integer      	1	0 
 --> running CfdMeshAnalysis 
triangle_mesh_create Error
triangle_mesh_create Error
triangle_mesh_create Error
triangle_mesh_create Error
triangle_mesh_create Error
triangle_mesh_create Error
Invalid reason 17
Invalid reason 17
Invalid reason 17
Invalid reason 17
Invalid reason 17
Invalid reason 17
Invalid reason 17
Invalid reason 17
Invalid reason 17
Invalid reason 17
Invalid reason 17
Invalid reason 17
Invalid reason 17
Invalid reason 17
Invalid reason 17
Invalid reason 17
Invalid reason 17
Invalid reason 17
Invalid reason 17
Invalid reason 17
Invalid reason 17
Invalid reason 17
Invalid reason 17
Invalid reason 17
Invalid reason 17
Invalid reason 17
Invalid reason 17
Invalid reason 17
Invalid reason 17
Invalid reason 17
Invalid reason 17
Invalid reason 17
Invalid reason 17
Invalid reason 17
Invalid reason 17
Invalid reason 17
Invalid reason 17
Invalid reason 17
Invalid reason 17
Invalid reason 17
Invalid reason 17
Invalid reason 17
Invalid reason 17
Invalid reason 17
Invalid reason 17
Invalid reason 17
Invalid reason 17
Invalid reason 17
Invalid reason 17
Invalid reason 17
Invalid reason 17
Invalid reason 17
Invalid reason 17
Invalid reason 17
Invalid reason 17
Invalid reason 17
Invalid reason 17
Invalid reason 17
Invalid reason 17
Invalid reason 17
Invalid reason 17
Invalid reason 17
Invalid reason 17
Invalid reason 17
Invalid reason 17
Invalid reason 17
Invalid reason 17
Invalid reason 17
Invalid reason 17
Invalid reason 17
Invalid reason 17
Invalid reason 17
Invalid reason 17
Invalid reason 17
Invalid reason 17
Invalid reason 17
Invalid reason 17
Invalid reason 17
Invalid reason 17
Invalid reason 17
Invalid reason 17
Invalid reason 17
Invalid reason 17
Invalid reason 17
Invalid reason 17
Invalid reason 17
Invalid reason 17
Invalid reason 17
Invalid reason 17
Invalid reason 17
Invalid reason 17
Invalid reason 17
Invalid reason 17
Invalid reason 17
Invalid reason 17
Invalid reason 17
Invalid reason 17
Invalid reason 17
Invalid reason 17
Invalid reason 17
Invalid reason 17
Invalid reason 17
Invalid reason 17
Invalid reason 17
Invalid reason 17
Invalid reason 17
Invalid reason 17
Invalid reason 17
Invalid reason 17
Invalid reason 17
Invalid reason 17
Invalid reason 17
Invalid reason 17
Invalid reason 17
Invalid reason 17
Invalid reason 17
Invalid reason 17
Invalid reason 17
Invalid reason 17
Invalid reason 17
Invalid reason 17
Invalid reason 17
Invalid reason 17
Invalid reason 17
Invalid reason 17
Invalid reason 17
Invalid reason 17
Invalid reason 17
Invalid reason 17
Invalid reason 17
Invalid reason 17
Invalid reason 17
Invalid reason 17
Invalid reason 17
Invalid reason 17
Invalid reason 17
Invalid reason 17
Invalid reason 17
Invalid reason 17
Invalid reason 17
Invalid reason 17
Invalid reason 17
Invalid reason 17
Invalid reason 17
Invalid reason 17
Invalid reason 17
Invalid reason 17
Invalid reason 17
Invalid reason 17
Invalid reason 17
Invalid reason 17
Invalid reason 17
Invalid reason 17
Invalid reason 17
Invalid reason 17
Invalid reason 17
Invalid reason 17
Invalid reason 17
Invalid reason 17
Invalid reason 17
Invalid reason 17
Invalid reason 17
Invalid reason 17
Invalid reason 17
Invalid reason 17
Invalid reason 17
Invalid reason 17
Invalid reason 17
Invalid reason 17
Invalid reason 17
Invalid reason 17
Invalid reason 17
Invalid reason 17
Invalid reason 17
Invalid reason 17
Invalid reason 17
Invalid reason 17
Invalid reason 17
Invalid reason 17
Invalid reason 17
Invalid reason 17
Invalid reason 17
Invalid reason 17
Invalid reason 17
Invalid reason 17
Invalid reason 17
Invalid reason 17
Invalid reason 17
Invalid reason 17
Invalid reason 17
Invalid reason 17
Invalid reason 17
Invalid reason 17
Invalid reason 17
Invalid reason 17
Invalid reason 17
Invalid reason 17
Invalid reason 17
Invalid reason 17
Invalid reason 17
Invalid reason 17
Invalid reason 17
Invalid reason 17
Invalid reason 17
Invalid reason 17
Invalid reason 17
Invalid reason 17
Invalid reason 17
Invalid reason 17
Invalid reason 17
Invalid reason 17
Invalid reason 17
Invalid reason 17
Invalid reason 17
Invalid reason 17
Invalid reason 17
Invalid reason 17
Invalid reason 17
Invalid reason 17
Invalid reason 17
Invalid reason 17
Invalid reason 17
Invalid reason 17
Invalid reason 17
Invalid reason 17
Invalid reason 17
Invalid reason 17
Invalid reason 17
Invalid reason 17
Invalid reason 17
Invalid reason 17
Invalid reason 17
Invalid reason 17
Invalid reason 17
Invalid reason 17
Invalid reason 17
Invalid reason 17
Invalid reason 17
Invalid reason 17
Invalid reason 17
Invalid reason 17
Invalid reason 17
Invalid reason 17
Invalid reason 17
Invalid reason 17
Invalid reason 17
Invalid reason 17
Invalid reason 17
Invalid reason 17
Invalid reason 17
Invalid reason 17
Invalid reason 17
Invalid reason 17
Invalid reason 17
Invalid reason 17
Invalid reason 17
Invalid reason 17
Invalid reason 17
Invalid reason 17
Invalid reason 17
Invalid reason 17
Invalid reason 17
Invalid reason 17
Invalid reason 17
Invalid reason 17
Invalid reason 17
Invalid reason 17
Invalid reason 17
Invalid reason 17
Invalid reason 17
Invalid reason 17
Invalid reason 17
Invalid reason 17
Invalid reason 17
Invalid reason 17
Invalid reason 17
Invalid reason 17
Invalid reason 17
Invalid reason 17
Invalid reason 17
Invalid reason 17
Invalid reason 17
Invalid reason 17
Invalid reason 17
Invalid reason 17
Invalid reason 17
Invalid reason 17
Invalid reason 17
Invalid reason 17
Invalid reason 17
Invalid reason 17
Invalid reason 17
Invalid reason 17
Invalid reason 17
Invalid reason 17
Invalid reason 17
Invalid reason 17
Invalid reason 17
Invalid reason 17
Invalid reason 17
Invalid reason 17
Invalid reason 17
Invalid reason 17
Invalid reason 17
Invalid reason 17
Invalid reason 17
Invalid reason 17
Invalid reason 17
Invalid reason 17
Invalid reason 17
Invalid reason 17
Invalid reason 17
Invalid reason 17
Invalid reason 17
Invalid reason 17
Invalid reason 17
Invalid reason 17
Invalid reason 17
Invalid reason 17
Invalid reason 17
Invalid reason 17
Invalid reason 17
Invalid reason 17
Invalid reason 17
Invalid reason 17
Invalid reason 17
Invalid reason 17
Invalid reason 17
Invalid reason 17
Invalid reason 17
Invalid reason 17
Invalid reason 17
Invalid reason 17
Invalid reason 17
Invalid reason 17
Invalid reason 17
Invalid reason 17
Invalid reason 17
Invalid reason 17
Invalid reason 17
Invalid reason 17
Invalid reason 17
Invalid reason 17
Invalid reason 17
Invalid reason 17
Invalid reason 17
Invalid reason 17
Invalid reason 17
Invalid reason 17
Invalid reason 17
Invalid reason 17
Invalid reason 17
Invalid reason 17
Invalid reason 17
Invalid reason 17
Invalid reason 17
Invalid reason 17
Invalid reason 17
Invalid reason 17
Invalid reason 17
Invalid reason 17
Invalid reason 17
Invalid reason 17
Invalid reason 17
Invalid reason 17
Invalid reason 17
Invalid reason 17
Invalid reason 17
Invalid reason 17
Invalid reason 17
Invalid reason 17
Invalid reason 17
Invalid reason 17
Invalid reason 17
Invalid reason 17
Invalid reason 17
Invalid reason 17
Invalid reason 17
Invalid reason 17
Invalid reason 17
Invalid reason 17
Invalid reason 17
Invalid reason 17
Invalid reason 17
Invalid reason 17
Invalid reason 17
Invalid reason 17
Invalid reason 17
Invalid reason 17
Invalid reason 17
Invalid reason 17
Invalid reason 17
Invalid reason 17
Invalid reason 17
Invalid reason 17
Invalid reason 17
Invalid reason 17
Invalid reason 17
Invalid reason 17
Invalid reason 17
Invalid reason 17
Invalid reason 17
Invalid reason 17
Invalid reason 17
Invalid reason 17
Invalid reason 17
Invalid reason 17
Invalid reason 17
Invalid reason 17
Invalid reason 17
Invalid reason 17
Invalid reason 17
Invalid reason 17
Invalid reason 17
Invalid reason 17
Invalid reason 17
Invalid reason 17
Invalid reason 17
Invalid reason 17
Invalid reason 17
Invalid reason 17
Invalid reason 17
Invalid reason 17
Invalid reason 17
Invalid reason 17
Invalid reason 17
Invalid reason 17
Invalid reason 17
Invalid reason 17
Invalid reason 17
Invalid reason 17
Invalid reason 17
Invalid reason 17
Invalid reason 17
Invalid reason 17
Invalid reason 17
Invalid reason 17
Invalid reason 17
Invalid reason 17
Invalid reason 17
Invalid reason 17
Invalid reason 17
Invalid reason 17
Invalid reason 17
Invalid reason 17
Invalid reason 17
Invalid reason 17
Invalid reason 17
Invalid reason 17
Invalid reason 17
Invalid reason 17
Invalid reason 17
Invalid reason 17
Invalid reason 17
Invalid reason 17
Invalid reason 17
Invalid reason 17
Invalid reason 17
Invalid reason 17
Invalid reason 17
Invalid reason 17
Invalid reason 17
Invalid reason 17
Invalid reason 17
Invalid reason 17
Invalid reason 17
Invalid reason 17
Invalid reason 17
Invalid reason 17
Invalid reason 17
Invalid reason 17
Invalid reason 17
Invalid reason 17
Invalid reason 17
Invalid reason 17
Invalid reason 17
Invalid reason 17
Invalid reason 17
Invalid reason 17
Invalid reason 17
Invalid reason 17
Invalid reason 17
Invalid reason 17
Invalid reason 17
Invalid reason 17
Invalid reason 17
Invalid reason 17
Invalid reason 17
Invalid reason 17
Invalid reason 17
Invalid reason 17
Invalid reason 17
Invalid reason 17
Invalid reason 17
Invalid reason 17
Invalid reason 17
Invalid reason 17
Invalid reason 17
Invalid reason 17
Invalid reason 17
Invalid reason 17
Invalid reason 17
Invalid reason 17
Invalid reason 17
Invalid reason 17
Invalid reason 17
Invalid reason 17
Invalid reason 17
Invalid reason 17
Invalid reason 17
Invalid reason 17
Invalid reason 17
Invalid reason 17
Invalid reason 17
Invalid reason 17
Invalid reason 17
Invalid reason 17
Invalid reason 17
Invalid reason 17
Invalid reason 17
Invalid reason 17
Invalid reason 17
Invalid reason 17
Invalid reason 17
Invalid reason 17
Invalid reason 17
Invalid reason 17
Invalid reason 17
Invalid reason 17
Invalid reason 17
Invalid reason 17
Invalid reason 17
Invalid reason 17
Invalid reason 17
Invalid reason 17
Invalid reason 17
Invalid reason 17
Invalid reason 17
Invalid reason 17
Invalid reason 17
Invalid reason 17
Invalid reason 17
Invalid reason 17
Invalid reason 17
Invalid reason 17
Invalid reason 17
Invalid reason 17
Invalid reason 17
Invalid reason 17
Invalid reason 17
Invalid reason 17
Invalid reason 17
Invalid reason 17
Invalid reason 17
Invalid reason 17
Invalid reason 17
Invalid reason 17
Invalid reason 17
Invalid reason 17
Invalid reason 17
Invalid reason 17
Invalid reason 17
Invalid reason 17
Invalid reason 17
Invalid reason 17
Invalid reason 17
Invalid reason 17
Invalid reason 17
Invalid reason 17
Invalid reason 17
Invalid reason 17
Invalid reason 17
Invalid reason 17
Invalid reason 17
Invalid reason 17
Invalid reason 17
Invalid reason 17
Invalid reason 17
Invalid reason 17
Invalid reason 17
Invalid reason 17
Invalid reason 17
Invalid reason 17
Invalid reason 17
Invalid reason 17
Invalid reason 17
Invalid reason 17
Invalid reason 17
Invalid reason 17
Invalid reason 17
Invalid reason 17
Invalid reason 17
Invalid reason 17
Invalid reason 17
Invalid reason 17
Invalid reason 17
Invalid reason 17
Invalid reason 17
Invalid reason 17
Invalid reason 17
Invalid reason 17
Invalid reason 17
Invalid reason 17
Invalid reason 17
Invalid reason 17
Invalid reason 17
Invalid reason 17
Invalid reason 17
Invalid reason 17
Invalid reason 17
Invalid reason 17
Invalid reason 17
Invalid reason 17
Invalid reason 17
Invalid reason 17
Invalid reason 17
Invalid reason 17
Invalid reason 17
Invalid reason 17
Invalid reason 17
Invalid reason 17
Invalid reason 17
Invalid reason 17
Invalid reason 17
Invalid reason 17
Invalid reason 17
Invalid reason 17
Invalid reason 17
Invalid reason 17
Invalid reason 17
Invalid reason 17
Invalid reason 17
Invalid reason 17
Invalid reason 17
Invalid reason 17
Invalid reason 17
Invalid reason 17
Invalid reason 17
Invalid reason 17
Invalid reason 17
Invalid reason 17
Invalid reason 17
Invalid reason 17
Invalid reason 17
Invalid reason 17
Invalid reason 17
Invalid reason 17
Invalid reason 17
Invalid reason 17
Invalid reason 17
Invalid reason 17
Invalid reason 17
Invalid reason 17
Invalid reason 17
Invalid reason 17
Invalid reason 17
Invalid reason 17
Invalid reason 17
Invalid reason 17
Invalid reason 17
Invalid reason 17
Invalid reason 17
Invalid reason 17
Invalid reason 17
Invalid reason 17
Invalid reason 17
Invalid reason 17
Invalid reason 17
Invalid reason 17
Invalid reason 17
Invalid reason 17
Invalid reason 17
Invalid reason 17
Invalid reason 17
Invalid reason 17
Invalid reason 17
Invalid reason 17
Invalid reason 17
Invalid reason 17
Invalid reason 17
Invalid reason 17
Invalid reason 17
Invalid reason 17
Invalid reason 17
Invalid reason 17
Invalid reason 17
Invalid reason 17
Invalid reason 17
Invalid reason 17
Invalid reason 17
Invalid reason 17
Invalid reason 17
Invalid reason 17
Invalid reason 17
Invalid reason 17
Invalid reason 17
Invalid reason 17
Invalid reason 17
Invalid reason 17
Invalid reason 17
Invalid reason 17
Invalid reason 17
Invalid reason 17
Invalid reason 17
Invalid reason 17
Invalid reason 17
Invalid reason 17
Invalid reason 17
Invalid reason 17
Invalid reason 17
Invalid reason 17
Invalid reason 17
Invalid reason 17
Invalid reason 17
Invalid reason 17
Invalid reason 17
Invalid reason 17
Invalid reason 17
Invalid reason 17
Invalid reason 17
Invalid reason 17
Invalid reason 17
Invalid reason 17
Invalid reason 17
Invalid reason 17
Invalid reason 17
Invalid reason 17
Invalid reason 17
Invalid reason 17
Invalid reason 17
Invalid reason 17
Invalid reason 17
Invalid reason 17
Invalid reason 17
Invalid reason 17
Invalid reason 17
Invalid reason 17
Invalid reason 17
Invalid reason 17
Invalid reason 17
Invalid reason 17
Invalid reason 17
Invalid reason 17
Invalid reason 17
Invalid reason 17
Invalid reason 17
Invalid reason 17
Invalid reason 17
Invalid reason 17
Invalid reason 17
Invalid reason 17
Invalid reason 17
Invalid reason 17
Invalid reason 17
Invalid reason 17
Invalid reason 17
Invalid reason 17
Invalid reason 17
Invalid reason 17
Invalid reason 17
Invalid reason 17
Invalid reason 17
Invalid reason 17
Invalid reason 17
Invalid reason 17
Invalid reason 17
Invalid reason 17
Invalid reason 17
Invalid reason 17
Invalid reason 17
Invalid reason 17
Invalid reason 17
Invalid reason 17
Invalid reason 17
Invalid reason 17
Invalid reason 17
Invalid reason 17
Invalid reason 17
Invalid reason 17
Invalid reason 17
Invalid reason 17
Invalid reason 17
Invalid reason 17
Invalid reason 17
Invalid reason 17
Invalid reason 17
Invalid reason 17
Invalid reason 17
Invalid reason 17
Invalid reason 17
Invalid reason 17
Invalid reason 17
Invalid reason 17
Invalid reason 17
Invalid reason 17
Invalid reason 17
Invalid reason 17
Invalid reason 17
Invalid reason 17
Invalid reason 17
Invalid reason 17
Invalid reason 17
Invalid reason 17
Invalid reason 17
Invalid reason 17
Invalid reason 17
Invalid reason 17
Invalid reason 17
Invalid reason 17
Invalid reason 17
Invalid reason 17
Invalid reason 17
Invalid reason 17
Invalid reason 17
Invalid reason 17
Invalid reason 17
Invalid reason 17
Invalid reason 17
Invalid reason 17
Invalid reason 17
Invalid reason 17
Invalid reason 17
Invalid reason 17
Invalid reason 17
Invalid reason 17
Invalid reason 17
Invalid reason 17
Invalid reason 17
Invalid reason 17
Invalid reason 17
Invalid reason 17
Invalid reason 17
Invalid reason 17
Invalid reason 17
Invalid reason 17
Invalid reason 17
Invalid reason 17
Invalid reason 17
Invalid reason 17
Invalid reason 17
Invalid reason 17
Invalid reason 17
Invalid reason 17
Invalid reason 17
Invalid reason 17
Invalid reason 17
Invalid reason 17
Invalid reason 17
Invalid reason 17
Invalid reason 17
Invalid reason 17
Invalid reason 17
Invalid reason 17
Invalid reason 17
Invalid reason 17
Invalid reason 17
Invalid reason 17
Invalid reason 17
Invalid reason 17
Invalid reason 17
Invalid reason 17
Invalid reason 17
Invalid reason 17
Invalid reason 17
Invalid reason 17
Invalid reason 17
Invalid reason 17
Invalid reason 17
Invalid reason 17
Invalid reason 17
Invalid reason 17
Invalid reason 17
Invalid reason 17
Invalid reason 17
Invalid reason 17
Invalid reason 17
Invalid reason 17
Invalid reason 17
Invalid reason 17
Invalid reason 17
Invalid reason 17
Invalid reason 17
Invalid reason 17
Invalid reason 17
Invalid reason 17
Invalid reason 17
Invalid reason 17
Invalid reason 17
Invalid reason 17
Invalid reason 17
Invalid reason 17
Invalid reason 17
Invalid reason 17
Invalid reason 17
Invalid reason 17
Invalid reason 17
Invalid reason 17
Invalid reason 17
Invalid reason 17
 CFD MESH EXPORT DONE 
